[  
   {  
      "name":"SeNetworkLogonRight",
      "security_setting":[  
         "S-1-1-0",
         "S-1-5-32-544",
         "S-1-5-32-545",
         "S-1-5-32-551",
         "S-1-5-32-581"
      ]
   },
   {  
      "name":"SeBackupPrivilege",
      "security_setting":[  
         "S-1-5-32-544",
         "S-1-5-32-551"
      ]
   },
   {  
      "name":"SeChangeNotifyPrivilege",
      "security_setting":[  
         "S-1-1-0",
         "S-1-5-19",
         "S-1-5-20",
         "S-1-5-32-544",
         "S-1-5-32-545",
         "S-1-5-32-551"
      ]
   },
   {  
      "name":"SeSystemtimePrivilege",
      "security_setting":[  
         "S-1-5-19",
         "S-1-5-32-544"
      ]
   },
   {  
      "name":"SeCreatePagefilePrivilege",
      "security_setting":[  
         "S-1-5-32-544"
      ]
   }
]